Archive member included to satisfy reference by file (symbol)

/usr/lib/x86_64-linux-gnu/libc_nonshared.a(elf-init.oS)
                              /usr/lib/gcc/x86_64-linux-gnu/4.9/../../../x86_64-linux-gnu/crt1.o (__libc_csu_init)

Discarded input sections

 .note.GNU-stack
                0x0000000000000000        0x0 /usr/lib/gcc/x86_64-linux-gnu/4.9/../../../x86_64-linux-gnu/crt1.o
 .gnu_debuglink
                0x0000000000000000        0xc /usr/lib/gcc/x86_64-linux-gnu/4.9/../../../x86_64-linux-gnu/crt1.o
 .note.GNU-stack
                0x0000000000000000        0x0 /usr/lib/gcc/x86_64-linux-gnu/4.9/../../../x86_64-linux-gnu/crti.o
 .gnu_debuglink
                0x0000000000000000        0xc /usr/lib/gcc/x86_64-linux-gnu/4.9/../../../x86_64-linux-gnu/crti.o
 .note.GNU-stack
                0x0000000000000000        0x0 /usr/lib/gcc/x86_64-linux-gnu/4.9/crtbegin.o
 .note.GNU-stack
                0x0000000000000000        0x0 /tmp/ccIfum1U.o
 .note.GNU-stack
                0x0000000000000000        0x0 /usr/lib/x86_64-linux-gnu/libc_nonshared.a(elf-init.oS)
 .note.GNU-stack
                0x0000000000000000        0x0 /usr/lib/gcc/x86_64-linux-gnu/4.9/crtend.o
 .note.GNU-stack
                0x0000000000000000        0x0 /usr/lib/gcc/x86_64-linux-gnu/4.9/../../../x86_64-linux-gnu/crtn.o
 .gnu_debuglink
                0x0000000000000000        0xc /usr/lib/gcc/x86_64-linux-gnu/4.9/../../../x86_64-linux-gnu/crtn.o

Memory Configuration

Name             Origin             Length             Attributes
*default*        0x0000000000000000 0xffffffffffffffff

Linker script and memory map

LOAD /usr/lib/gcc/x86_64-linux-gnu/4.9/../../../x86_64-linux-gnu/crt1.o
LOAD /usr/lib/gcc/x86_64-linux-gnu/4.9/../../../x86_64-linux-gnu/crti.o
LOAD /usr/lib/gcc/x86_64-linux-gnu/4.9/crtbegin.o
LOAD /tmp/ccIfum1U.o
LOAD /usr/lib/gcc/x86_64-linux-gnu/4.9/libgcc.a
LOAD /usr/lib/gcc/x86_64-linux-gnu/4.9/libgcc_s.so
LOAD /usr/lib/gcc/x86_64-linux-gnu/4.9/../../../x86_64-linux-gnu/libc.so
START GROUP
LOAD /lib/x86_64-linux-gnu/libc.so.6
LOAD /usr/lib/x86_64-linux-gnu/libc_nonshared.a
LOAD /lib/x86_64-linux-gnu/ld-linux-x86-64.so.2
END GROUP
LOAD /usr/lib/gcc/x86_64-linux-gnu/4.9/libgcc.a
LOAD /usr/lib/gcc/x86_64-linux-gnu/4.9/libgcc_s.so
LOAD /usr/lib/gcc/x86_64-linux-gnu/4.9/crtend.o
LOAD /usr/lib/gcc/x86_64-linux-gnu/4.9/../../../x86_64-linux-gnu/crtn.o
                0x0000000000400000                PROVIDE (__executable_start, 0x400000)
                0x0000000000400200                . = (0x400000 + SIZEOF_HEADERS)

.interp         0x0000000000400200       0x1c
 *(.interp)
 .interp        0x0000000000400200       0x1c /usr/lib/gcc/x86_64-linux-gnu/4.9/../../../x86_64-linux-gnu/crt1.o

.note.ABI-tag   0x000000000040021c       0x20
 .note.ABI-tag  0x000000000040021c       0x20 /usr/lib/gcc/x86_64-linux-gnu/4.9/../../../x86_64-linux-gnu/crt1.o

.note.gnu.build-id
                0x000000000040023c       0x24
 *(.note.gnu.build-id)
 .note.gnu.build-id
                0x000000000040023c       0x24 /usr/lib/gcc/x86_64-linux-gnu/4.9/../../../x86_64-linux-gnu/crt1.o

.hash
 *(.hash)

.gnu.hash       0x0000000000400260       0x1c
 *(.gnu.hash)
 .gnu.hash      0x0000000000400260       0x1c /usr/lib/gcc/x86_64-linux-gnu/4.9/../../../x86_64-linux-gnu/crt1.o

.dynsym         0x0000000000400280       0xd8
 *(.dynsym)
 .dynsym        0x0000000000400280       0xd8 /usr/lib/gcc/x86_64-linux-gnu/4.9/../../../x86_64-linux-gnu/crt1.o

.dynstr         0x0000000000400358       0x62
 *(.dynstr)
 .dynstr        0x0000000000400358       0x62 /usr/lib/gcc/x86_64-linux-gnu/4.9/../../../x86_64-linux-gnu/crt1.o

.gnu.version    0x00000000004003ba       0x12
 *(.gnu.version)
 .gnu.version   0x00000000004003ba       0x12 /usr/lib/gcc/x86_64-linux-gnu/4.9/../../../x86_64-linux-gnu/crt1.o

.gnu.version_d  0x00000000004003d0        0x0
 *(.gnu.version_d)
 .gnu.version_d
                0x00000000004003d0        0x0 /usr/lib/gcc/x86_64-linux-gnu/4.9/../../../x86_64-linux-gnu/crt1.o

.gnu.version_r  0x00000000004003d0       0x20
 *(.gnu.version_r)
 .gnu.version_r
                0x00000000004003d0       0x20 /usr/lib/gcc/x86_64-linux-gnu/4.9/../../../x86_64-linux-gnu/crt1.o

.rela.dyn       0x00000000004003f0       0x18
 *(.rela.init)
 *(.rela.text .rela.text.* .rela.gnu.linkonce.t.*)
 .rela.text     0x00000000004003f0        0x0 /usr/lib/gcc/x86_64-linux-gnu/4.9/../../../x86_64-linux-gnu/crt1.o
 *(.rela.fini)
 *(.rela.rodata .rela.rodata.* .rela.gnu.linkonce.r.*)
 *(.rela.data .rela.data.* .rela.gnu.linkonce.d.*)
 *(.rela.tdata .rela.tdata.* .rela.gnu.linkonce.td.*)
 *(.rela.tbss .rela.tbss.* .rela.gnu.linkonce.tb.*)
 *(.rela.ctors)
 *(.rela.dtors)
 *(.rela.got)
 .rela.got      0x00000000004003f0       0x18 /usr/lib/gcc/x86_64-linux-gnu/4.9/../../../x86_64-linux-gnu/crt1.o
 *(.rela.bss .rela.bss.* .rela.gnu.linkonce.b.*)
 .rela.bss      0x0000000000400408        0x0 /usr/lib/gcc/x86_64-linux-gnu/4.9/../../../x86_64-linux-gnu/crt1.o
 *(.rela.ldata .rela.ldata.* .rela.gnu.linkonce.l.*)
 *(.rela.lbss .rela.lbss.* .rela.gnu.linkonce.lb.*)
 *(.rela.lrodata .rela.lrodata.* .rela.gnu.linkonce.lr.*)
 *(.rela.ifunc)

.rela.plt       0x0000000000400408       0xc0
 *(.rela.plt)
 .rela.plt      0x0000000000400408       0xc0 /usr/lib/gcc/x86_64-linux-gnu/4.9/../../../x86_64-linux-gnu/crt1.o
                0x00000000004004c8                PROVIDE (__rela_iplt_start, .)
 *(.rela.iplt)
 .rela.iplt     0x00000000004004c8        0x0 /usr/lib/gcc/x86_64-linux-gnu/4.9/../../../x86_64-linux-gnu/crt1.o
                0x00000000004004c8                PROVIDE (__rela_iplt_end, .)

.init           0x00000000004004c8       0x1a
 *(SORT(.init))
 .init          0x00000000004004c8       0x15 /usr/lib/gcc/x86_64-linux-gnu/4.9/../../../x86_64-linux-gnu/crti.o
                0x00000000004004c8                _init
 .init          0x00000000004004dd        0x5 /usr/lib/gcc/x86_64-linux-gnu/4.9/../../../x86_64-linux-gnu/crtn.o

.plt            0x00000000004004f0       0x90
 *(.plt)
 .plt           0x00000000004004f0       0x90 /usr/lib/gcc/x86_64-linux-gnu/4.9/../../../x86_64-linux-gnu/crt1.o
                0x0000000000400500                free@@GLIBC_2.2.5
                0x0000000000400510                putchar@@GLIBC_2.2.5
                0x0000000000400520                getpid@@GLIBC_2.2.5
                0x0000000000400530                system@@GLIBC_2.2.5
                0x0000000000400540                __libc_start_main@@GLIBC_2.2.5
                0x0000000000400560                malloc@@GLIBC_2.2.5
                0x0000000000400570                sprintf@@GLIBC_2.2.5
 *(.iplt)
 .iplt          0x0000000000400580        0x0 /usr/lib/gcc/x86_64-linux-gnu/4.9/../../../x86_64-linux-gnu/crt1.o

.plt.bnd
 *(.plt.bnd)

.text           0x0000000000400580      0x382
 *(.text.unlikely .text.*_unlikely .text.unlikely.*)
 .text.unlikely
                0x0000000000400580        0x0 /usr/lib/gcc/x86_64-linux-gnu/4.9/crtbegin.o
 *(.text.exit .text.exit.*)
 *(.text.startup .text.startup.*)
 *(.text.hot .text.hot.*)
 *(.text .stub .text.* .gnu.linkonce.t.*)
 .text          0x0000000000400580       0x2a /usr/lib/gcc/x86_64-linux-gnu/4.9/../../../x86_64-linux-gnu/crt1.o
                0x0000000000400580                _start
 .text          0x00000000004005aa        0x0 /usr/lib/gcc/x86_64-linux-gnu/4.9/../../../x86_64-linux-gnu/crti.o
 *fill*         0x00000000004005aa        0x6 
 .text          0x00000000004005b0       0xc6 /usr/lib/gcc/x86_64-linux-gnu/4.9/crtbegin.o
 .text          0x0000000000400676      0x210 /tmp/ccIfum1U.o
                0x0000000000400676                printLine
                0x00000000004006a6                main
 *fill*         0x0000000000400886        0xa 
 .text          0x0000000000400890       0x72 /usr/lib/x86_64-linux-gnu/libc_nonshared.a(elf-init.oS)
                0x0000000000400890                __libc_csu_init
                0x0000000000400900                __libc_csu_fini
 .text          0x0000000000400902        0x0 /usr/lib/gcc/x86_64-linux-gnu/4.9/crtend.o
 .text          0x0000000000400902        0x0 /usr/lib/gcc/x86_64-linux-gnu/4.9/../../../x86_64-linux-gnu/crtn.o
 *(.gnu.warning)

.fini           0x0000000000400904        0x9
 *(SORT(.fini))
 .fini          0x0000000000400904        0x4 /usr/lib/gcc/x86_64-linux-gnu/4.9/../../../x86_64-linux-gnu/crti.o
                0x0000000000400904                _fini
 .fini          0x0000000000400908        0x5 /usr/lib/gcc/x86_64-linux-gnu/4.9/../../../x86_64-linux-gnu/crtn.o
                0x000000000040090d                PROVIDE (__etext, .)
                0x000000000040090d                PROVIDE (_etext, .)
                0x000000000040090d                PROVIDE (etext, .)

.rodata         0x0000000000400910       0x3a
 *(.rodata .rodata.* .gnu.linkonce.r.*)
 .rodata.cst4   0x0000000000400910        0x4 /usr/lib/gcc/x86_64-linux-gnu/4.9/../../../x86_64-linux-gnu/crt1.o
                0x0000000000400910                _IO_stdin_used
 .rodata        0x0000000000400914       0x36 /tmp/ccIfum1U.o

.rodata1
 *(.rodata1)

.eh_frame_hdr   0x000000000040094c       0x3c
 *(.eh_frame_hdr)
 .eh_frame_hdr  0x000000000040094c       0x3c /usr/lib/gcc/x86_64-linux-gnu/4.9/../../../x86_64-linux-gnu/crt1.o

.eh_frame       0x0000000000400988      0x114
 *(.eh_frame)
 .eh_frame      0x0000000000400988       0x30 /usr/lib/gcc/x86_64-linux-gnu/4.9/../../../x86_64-linux-gnu/crt1.o
 .eh_frame      0x00000000004009b8       0x40 /usr/lib/gcc/x86_64-linux-gnu/4.9/../../../x86_64-linux-gnu/crt1.o
 .eh_frame      0x00000000004009f8       0x40 /tmp/ccIfum1U.o
                                         0x58 (size before relaxing)
 .eh_frame      0x0000000000400a38       0x60 /usr/lib/x86_64-linux-gnu/libc_nonshared.a(elf-init.oS)
                                         0x78 (size before relaxing)
 .eh_frame      0x0000000000400a98        0x4 /usr/lib/gcc/x86_64-linux-gnu/4.9/crtend.o

.gcc_except_table
 *(.gcc_except_table .gcc_except_table.*)

.exception_ranges
 *(.exception_ranges .exception_ranges*)
                0x0000000000400a9c                . = (ALIGN (0x200000) - ((0x200000 - .) & 0x1fffff))
                0x0000000000600a9c                . = DATA_SEGMENT_ALIGN (0x200000, 0x1000)

.eh_frame
 *(.eh_frame)

.gcc_except_table
 *(.gcc_except_table .gcc_except_table.*)

.exception_ranges
 *(.exception_ranges .exception_ranges*)

.tdata
 *(.tdata .tdata.* .gnu.linkonce.td.*)

.tbss
 *(.tbss .tbss.* .gnu.linkonce.tb.*)
 *(.tcommon)

.preinit_array  0x0000000000600a9c        0x0
                0x0000000000600a9c                PROVIDE (__preinit_array_start, .)
 *(.preinit_array)
                0x0000000000600a9c                PROVIDE (__preinit_array_end, .)

.init_array     0x0000000000600aa0        0x8
                0x0000000000600aa0                PROVIDE (__init_array_start, .)
 *(SORT(.init_array.*) SORT(.ctors.*))
 *(.init_array EXCLUDE_FILE(*crtend?.o *crtend.o *crtbegin?.o *crtbegin.o) .ctors)
 .init_array    0x0000000000600aa0        0x8 /usr/lib/gcc/x86_64-linux-gnu/4.9/crtbegin.o
                0x0000000000600aa8                PROVIDE (__init_array_end, .)

.fini_array     0x0000000000600aa8        0x8
                0x0000000000600aa8                PROVIDE (__fini_array_start, .)
 *(SORT(.fini_array.*) SORT(.dtors.*))
 *(.fini_array EXCLUDE_FILE(*crtend?.o *crtend.o *crtbegin?.o *crtbegin.o) .dtors)
 .fini_array    0x0000000000600aa8        0x8 /usr/lib/gcc/x86_64-linux-gnu/4.9/crtbegin.o
                0x0000000000600ab0                PROVIDE (__fini_array_end, .)

.ctors
 *crtbegin.o(.ctors)
 *crtbegin?.o(.ctors)
 *(EXCLUDE_FILE(*crtend?.o *crtend.o) .ctors)
 *(SORT(.ctors.*))
 *(.ctors)

.dtors
 *crtbegin.o(.dtors)
 *crtbegin?.o(.dtors)
 *(EXCLUDE_FILE(*crtend?.o *crtend.o) .dtors)
 *(SORT(.dtors.*))
 *(.dtors)

.jcr            0x0000000000600ab0        0x8
 *(.jcr)
 .jcr           0x0000000000600ab0        0x0 /usr/lib/gcc/x86_64-linux-gnu/4.9/crtbegin.o
 .jcr           0x0000000000600ab0        0x8 /usr/lib/gcc/x86_64-linux-gnu/4.9/crtend.o

.data.rel.ro
 *(.data.rel.ro.local* .gnu.linkonce.d.rel.ro.local.*)
 *(.data.rel.ro .data.rel.ro.* .gnu.linkonce.d.rel.ro.*)

.dynamic        0x0000000000600ab8      0x1d0
 *(.dynamic)
 .dynamic       0x0000000000600ab8      0x1d0 /usr/lib/gcc/x86_64-linux-gnu/4.9/../../../x86_64-linux-gnu/crt1.o
                0x0000000000600ab8                _DYNAMIC

.got            0x0000000000600c88        0x8
 *(.got)
 .got           0x0000000000600c88        0x8 /usr/lib/gcc/x86_64-linux-gnu/4.9/../../../x86_64-linux-gnu/crt1.o
 *(.igot)
                0x0000000000600c90                . = DATA_SEGMENT_RELRO_END (., (SIZEOF (.got.plt) >= 0x18)?0x18:0x0)

.got.plt        0x0000000000600c90       0x58
 *(.got.plt)
 .got.plt       0x0000000000600c90       0x58 /usr/lib/gcc/x86_64-linux-gnu/4.9/../../../x86_64-linux-gnu/crt1.o
                0x0000000000600c90                _GLOBAL_OFFSET_TABLE_
 *(.igot.plt)
 .igot.plt      0x0000000000600ce8        0x0 /usr/lib/gcc/x86_64-linux-gnu/4.9/../../../x86_64-linux-gnu/crt1.o

.data           0x0000000000600ce8       0x10
 *(.data .data.* .gnu.linkonce.d.*)
 .data          0x0000000000600ce8        0x4 /usr/lib/gcc/x86_64-linux-gnu/4.9/../../../x86_64-linux-gnu/crt1.o
                0x0000000000600ce8                data_start
                0x0000000000600ce8                __data_start
 .data          0x0000000000600cec        0x0 /usr/lib/gcc/x86_64-linux-gnu/4.9/../../../x86_64-linux-gnu/crti.o
 *fill*         0x0000000000600cec        0x4 
 .data          0x0000000000600cf0        0x8 /usr/lib/gcc/x86_64-linux-gnu/4.9/crtbegin.o
                0x0000000000600cf0                __dso_handle
 .data          0x0000000000600cf8        0x0 /tmp/ccIfum1U.o
 .data          0x0000000000600cf8        0x0 /usr/lib/x86_64-linux-gnu/libc_nonshared.a(elf-init.oS)
 .data          0x0000000000600cf8        0x0 /usr/lib/gcc/x86_64-linux-gnu/4.9/crtend.o
 .data          0x0000000000600cf8        0x0 /usr/lib/gcc/x86_64-linux-gnu/4.9/../../../x86_64-linux-gnu/crtn.o

.tm_clone_table
                0x0000000000600cf8        0x0
 .tm_clone_table
                0x0000000000600cf8        0x0 /usr/lib/gcc/x86_64-linux-gnu/4.9/crtbegin.o
 .tm_clone_table
                0x0000000000600cf8        0x0 /usr/lib/gcc/x86_64-linux-gnu/4.9/crtend.o

.data1
 *(.data1)
                0x0000000000600cf8                _edata = .
                0x0000000000600cf8                PROVIDE (edata, .)
                0x0000000000600cf8                . = .
                0x0000000000600cf8                __bss_start = .

.bss            0x0000000000600cf8        0x8
 *(.dynbss)
 .dynbss        0x0000000000600cf8        0x0 /usr/lib/gcc/x86_64-linux-gnu/4.9/../../../x86_64-linux-gnu/crt1.o
 *(.bss .bss.* .gnu.linkonce.b.*)
 .bss           0x0000000000600cf8        0x0 /usr/lib/gcc/x86_64-linux-gnu/4.9/../../../x86_64-linux-gnu/crt1.o
 .bss           0x0000000000600cf8        0x0 /usr/lib/gcc/x86_64-linux-gnu/4.9/../../../x86_64-linux-gnu/crti.o
 .bss           0x0000000000600cf8        0x1 /usr/lib/gcc/x86_64-linux-gnu/4.9/crtbegin.o
 .bss           0x0000000000600cf9        0x0 /tmp/ccIfum1U.o
 .bss           0x0000000000600cf9        0x0 /usr/lib/x86_64-linux-gnu/libc_nonshared.a(elf-init.oS)
 .bss           0x0000000000600cf9        0x0 /usr/lib/gcc/x86_64-linux-gnu/4.9/crtend.o
 .bss           0x0000000000600cf9        0x0 /usr/lib/gcc/x86_64-linux-gnu/4.9/../../../x86_64-linux-gnu/crtn.o
 *(COMMON)
                0x0000000000600d00                . = ALIGN ((. != 0x0)?0x8:0x1)
 *fill*         0x0000000000600cf9        0x7 

.lbss
 *(.dynlbss)
 *(.lbss .lbss.* .gnu.linkonce.lb.*)
 *(LARGE_COMMON)
                0x0000000000600d00                . = ALIGN (0x8)
                0x0000000000600d00                . = SEGMENT_START ("ldata-segment", .)

.lrodata
 *(.lrodata .lrodata.* .gnu.linkonce.lr.*)

.ldata          0x0000000000a00d00        0x0
 *(.ldata .ldata.* .gnu.linkonce.l.*)
                0x0000000000a00d00                . = ALIGN ((. != 0x0)?0x8:0x1)
                0x0000000000a00d00                . = ALIGN (0x8)
                0x0000000000a00d00                _end = .
                0x0000000000a00d00                PROVIDE (end, .)
                0x0000000000a00d00                . = DATA_SEGMENT_END (.)

.stab
 *(.stab)

.stabstr
 *(.stabstr)

.stab.excl
 *(.stab.excl)

.stab.exclstr
 *(.stab.exclstr)

.stab.index
 *(.stab.index)

.stab.indexstr
 *(.stab.indexstr)

.comment        0x0000000000000000       0x39
 *(.comment)
 .comment       0x0000000000000000       0x1d /usr/lib/gcc/x86_64-linux-gnu/4.9/crtbegin.o
                                         0x1e (size before relaxing)
 .comment       0x000000000000001d       0x1e /tmp/ccIfum1U.o
 .comment       0x000000000000001d       0x1c /usr/lib/x86_64-linux-gnu/libc_nonshared.a(elf-init.oS)
                                         0x1d (size before relaxing)
 .comment       0x0000000000000039       0x1e /usr/lib/gcc/x86_64-linux-gnu/4.9/crtend.o

.debug
 *(.debug)

.line
 *(.line)

.debug_srcinfo
 *(.debug_srcinfo)

.debug_sfnames
 *(.debug_sfnames)

.debug_aranges
 *(.debug_aranges)

.debug_pubnames
 *(.debug_pubnames)

.debug_info
 *(.debug_info .gnu.linkonce.wi.*)

.debug_abbrev
 *(.debug_abbrev)

.debug_line
 *(.debug_line .debug_line.* .debug_line_end)

.debug_frame
 *(.debug_frame)

.debug_str
 *(.debug_str)

.debug_loc
 *(.debug_loc)

.debug_macinfo
 *(.debug_macinfo)

.debug_weaknames
 *(.debug_weaknames)

.debug_funcnames
 *(.debug_funcnames)

.debug_typenames
 *(.debug_typenames)

.debug_varnames
 *(.debug_varnames)

.debug_pubtypes
 *(.debug_pubtypes)

.debug_ranges
 *(.debug_ranges)

.debug_macro
 *(.debug_macro)

.gnu.attributes
 *(.gnu.attributes)

/DISCARD/
 *(.note.GNU-stack)
 *(.gnu_debuglink)
 *(.gnu.lto_*)
OUTPUT(06-memory elf64-x86-64)
